This is pdfTeX, Version 3.141592653-2.6-1.40.25 (TeX Live 2023) (preloaded format=pdflatex 2023.10.1)  31 DEC 2024 09:44
entering extended mode
 restricted \write18 enabled.
 %&-line parsing enabled.
**manuscript.tex
(./manuscript.tex
LaTeX2e <2022-11-01> patch level 1
L3 programming layer <2023-02-22>
(d:/APP/texlive/2023/texmf-dist/tex/latex/ieeetran/IEEEtran.cls
Document Class: IEEEtran 2015/08/26 V1.8b by Michael Shell
-- See the "IEEEtran_HOWTO" manual for usage information.
-- http://www.michaelshell.org/tex/ieeetran/
\@IEEEtrantmpdimenA=\dimen140
\@IEEEtrantmpdimenB=\dimen141
\@IEEEtrantmpdimenC=\dimen142
\@IEEEtrantmpcountA=\count185
\@IEEEtrantmpcountB=\count186
\@IEEEtrantmpcountC=\count187
\@IEEEtrantmptoksA=\toks16
LaTeX Font Info:    Trying to load font information for OT1+ptm on input line 5
03.
(d:/APP/texlive/2023/texmf-dist/tex/latex/psnfss/ot1ptm.fd
File: ot1ptm.fd 2001/06/04 font definitions for OT1/ptm.
)
-- Using 8.5in x 11in (letter) paper.
-- Using PDF output.
\@IEEEnormalsizeunitybaselineskip=\dimen143
-- This is a 10 point document.
\CLASSINFOnormalsizebaselineskip=\dimen144
\CLASSINFOnormalsizeunitybaselineskip=\dimen145
\IEEEnormaljot=\dimen146
LaTeX Font Info:    Font shape `OT1/ptm/bx/n' in size <5> not available
(Font)              Font shape `OT1/ptm/b/n' tried instead on input line 1090.
LaTeX Font Info:    Font shape `OT1/ptm/bx/it' in size <5> not available
(Font)              Font shape `OT1/ptm/b/it' tried instead on input line 1090.

LaTeX Font Info:    Font shape `OT1/ptm/bx/n' in size <7> not available
(Font)              Font shape `OT1/ptm/b/n' tried instead on input line 1090.
LaTeX Font Info:    Font shape `OT1/ptm/bx/it' in size <7> not available
(Font)              Font shape `OT1/ptm/b/it' tried instead on input line 1090.

LaTeX Font Info:    Font shape `OT1/ptm/bx/n' in size <8> not available
(Font)              Font shape `OT1/ptm/b/n' tried instead on input line 1090.
LaTeX Font Info:    Font shape `OT1/ptm/bx/it' in size <8> not available
(Font)              Font shape `OT1/ptm/b/it' tried instead on input line 1090.

LaTeX Font Info:    Font shape `OT1/ptm/bx/n' in size <9> not available
(Font)              Font shape `OT1/ptm/b/n' tried instead on input line 1090.
LaTeX Font Info:    Font shape `OT1/ptm/bx/it' in size <9> not available
(Font)              Font shape `OT1/ptm/b/it' tried instead on input line 1090.

LaTeX Font Info:    Font shape `OT1/ptm/bx/n' in size <10> not available
(Font)              Font shape `OT1/ptm/b/n' tried instead on input line 1090.
LaTeX Font Info:    Font shape `OT1/ptm/bx/it' in size <10> not available
(Font)              Font shape `OT1/ptm/b/it' tried instead on input line 1090.

LaTeX Font Info:    Font shape `OT1/ptm/bx/n' in size <11> not available
(Font)              Font shape `OT1/ptm/b/n' tried instead on input line 1090.
LaTeX Font Info:    Font shape `OT1/ptm/bx/it' in size <11> not available
(Font)              Font shape `OT1/ptm/b/it' tried instead on input line 1090.

LaTeX Font Info:    Font shape `OT1/ptm/bx/n' in size <12> not available
(Font)              Font shape `OT1/ptm/b/n' tried instead on input line 1090.
LaTeX Font Info:    Font shape `OT1/ptm/bx/it' in size <12> not available
(Font)              Font shape `OT1/ptm/b/it' tried instead on input line 1090.

LaTeX Font Info:    Font shape `OT1/ptm/bx/n' in size <17> not available
(Font)              Font shape `OT1/ptm/b/n' tried instead on input line 1090.
LaTeX Font Info:    Font shape `OT1/ptm/bx/it' in size <17> not available
(Font)              Font shape `OT1/ptm/b/it' tried instead on input line 1090.

LaTeX Font Info:    Font shape `OT1/ptm/bx/n' in size <20> not available
(Font)              Font shape `OT1/ptm/b/n' tried instead on input line 1090.
LaTeX Font Info:    Font shape `OT1/ptm/bx/it' in size <20> not available
(Font)              Font shape `OT1/ptm/b/it' tried instead on input line 1090.

LaTeX Font Info:    Font shape `OT1/ptm/bx/n' in size <24> not available
(Font)              Font shape `OT1/ptm/b/n' tried instead on input line 1090.
LaTeX Font Info:    Font shape `OT1/ptm/bx/it' in size <24> not available
(Font)              Font shape `OT1/ptm/b/it' tried instead on input line 1090.

\IEEEquantizedlength=\dimen147
\IEEEquantizedlengthdiff=\dimen148
\IEEEquantizedtextheightdiff=\dimen149
\IEEEilabelindentA=\dimen150
\IEEEilabelindentB=\dimen151
\IEEEilabelindent=\dimen152
\IEEEelabelindent=\dimen153
\IEEEdlabelindent=\dimen154
\IEEElabelindent=\dimen155
\IEEEiednormlabelsep=\dimen156
\IEEEiedmathlabelsep=\dimen157
\IEEEiedtopsep=\skip48
\c@section=\count188
\c@subsection=\count189
\c@subsubsection=\count190
\c@paragraph=\count191
\c@IEEEsubequation=\count192
\abovecaptionskip=\skip49
\belowcaptionskip=\skip50
\c@figure=\count193
\c@table=\count194
\@IEEEeqnnumcols=\count195
\@IEEEeqncolcnt=\count196
\@IEEEsubeqnnumrollback=\count197
\@IEEEquantizeheightA=\dimen158
\@IEEEquantizeheightB=\dimen159
\@IEEEquantizeheightC=\dimen160
\@IEEEquantizeprevdepth=\dimen161
\@IEEEquantizemultiple=\count198
\@IEEEquantizeboxA=\box51
\@IEEEtmpitemindent=\dimen162
\IEEEPARstartletwidth=\dimen163
\c@IEEEbiography=\count199
\@IEEEtranrubishbin=\box52
) (d:/APP/texlive/2023/texmf-dist/tex/latex/amsmath/amsmath.sty
Package: amsmath 2022/04/08 v2.17n AMS math features
\@mathmargin=\skip51

For additional information on amsmath, use the `?' option.
(d:/APP/texlive/2023/texmf-dist/tex/latex/amsmath/amstext.sty
Package: amstext 2021/08/26 v2.01 AMS text

(d:/APP/texlive/2023/texmf-dist/tex/latex/amsmath/amsgen.sty
File: amsgen.sty 1999/11/30 v2.0 generic functions
\@emptytoks=\toks17
\ex@=\dimen164
))
(d:/APP/texlive/2023/texmf-dist/tex/latex/amsmath/amsbsy.sty
Package: amsbsy 1999/11/29 v1.2d Bold Symbols
\pmbraise@=\dimen165
)
(d:/APP/texlive/2023/texmf-dist/tex/latex/amsmath/amsopn.sty
Package: amsopn 2022/04/08 v2.04 operator names
)
\inf@bad=\count266
LaTeX Info: Redefining \frac on input line 234.
\uproot@=\count267
\leftroot@=\count268
LaTeX Info: Redefining \overline on input line 399.
LaTeX Info: Redefining \colon on input line 410.
\classnum@=\count269
\DOTSCASE@=\count270
LaTeX Info: Redefining \ldots on input line 496.
LaTeX Info: Redefining \dots on input line 499.
LaTeX Info: Redefining \cdots on input line 620.
\Mathstrutbox@=\box53
\strutbox@=\box54
LaTeX Info: Redefining \big on input line 722.
LaTeX Info: Redefining \Big on input line 723.
LaTeX Info: Redefining \bigg on input line 724.
LaTeX Info: Redefining \Bigg on input line 725.
\big@size=\dimen166
LaTeX Font Info:    Redeclaring font encoding OML on input line 743.
LaTeX Font Info:    Redeclaring font encoding OMS on input line 744.
\macc@depth=\count271
LaTeX Info: Redefining \bmod on input line 905.
LaTeX Info: Redefining \pmod on input line 910.
LaTeX Info: Redefining \smash on input line 940.
LaTeX Info: Redefining \relbar on input line 970.
LaTeX Info: Redefining \Relbar on input line 971.
\c@MaxMatrixCols=\count272
\dotsspace@=\muskip16
\c@parentequation=\count273
\dspbrk@lvl=\count274
\tag@help=\toks18
\row@=\count275
\column@=\count276
\maxfields@=\count277
\andhelp@=\toks19
\eqnshift@=\dimen167
\alignsep@=\dimen168
\tagshift@=\dimen169
\tagwidth@=\dimen170
\totwidth@=\dimen171
\lineht@=\dimen172
\@envbody=\toks20
\multlinegap=\skip52
\multlinetaggap=\skip53
\mathdisplay@stack=\toks21
LaTeX Info: Redefining \[ on input line 2953.
LaTeX Info: Redefining \] on input line 2954.
)
(d:/APP/texlive/2023/texmf-dist/tex/latex/amsfonts/amsfonts.sty
Package: amsfonts 2013/01/14 v3.01 Basic AMSFonts support
\symAMSa=\mathgroup4
\symAMSb=\mathgroup5
LaTeX Font Info:    Redeclaring math symbol \hbar on input line 98.
LaTeX Font Info:    Overwriting math alphabet `\mathfrak' in version `bold'
(Font)                  U/euf/m/n --> U/euf/b/n on input line 106.
)
(d:/APP/texlive/2023/texmf-dist/tex/latex/algorithms/algorithmic.sty
Package: algorithmic 2009/08/24 v0.1 Document Style `algorithmic'

(d:/APP/texlive/2023/texmf-dist/tex/latex/base/ifthen.sty
Package: ifthen 2022/04/13 v1.1d Standard LaTeX ifthen package (DPC)
)
(d:/APP/texlive/2023/texmf-dist/tex/latex/graphics/keyval.sty
Package: keyval 2022/05/29 v1.15 key=value parser (DPC)
\KV@toks@=\toks22
)
\c@ALC@unique=\count278
\c@ALC@line=\count279
\c@ALC@rem=\count280
\c@ALC@depth=\count281
\ALC@tlm=\skip54
\algorithmicindent=\skip55
)
(d:/APP/texlive/2023/texmf-dist/tex/latex/algorithms/algorithm.sty
Package: algorithm 2009/08/24 v0.1 Document Style `algorithm' - floating enviro
nment

(d:/APP/texlive/2023/texmf-dist/tex/latex/float/float.sty
Package: float 2001/11/08 v1.3d Float enhancements (AL)
\c@float@type=\count282
\float@exts=\toks23
\float@box=\box55
\@float@everytoks=\toks24
\@floatcapt=\box56
)
\@float@every@algorithm=\toks25
\c@algorithm=\count283
)
(d:/APP/texlive/2023/texmf-dist/tex/latex/tools/array.sty
Package: array 2022/09/04 v2.5g Tabular extension package (FMi)
\col@sep=\dimen173
\ar@mcellbox=\box57
\extrarowheight=\dimen174
\NC@list=\toks26
\extratabsurround=\skip56
\backup@length=\skip57
\ar@cellbox=\box58
)
(d:/APP/texlive/2023/texmf-dist/tex/latex/subfig/subfig.sty
Package: subfig 2005/06/28 ver: 1.3 subfig package

(d:/APP/texlive/2023/texmf-dist/tex/latex/caption/caption3.sty
Package: caption3 2023/03/12 v2.4 caption3 kernel (AR)
\caption@tempdima=\dimen175
\captionmargin=\dimen176
\caption@leftmargin=\dimen177
\caption@rightmargin=\dimen178
\caption@width=\dimen179
\caption@indent=\dimen180
\caption@parindent=\dimen181
\caption@hangindent=\dimen182
Package caption Info: Unknown document class (or package),
(caption)             standard defaults will be used.
Package caption Info: \@makecaption = \long macro:#1#2->\ifx \@captype \@IEEEta
blestring \footnotesize \bgroup \par \centering \@IEEEtabletopskipstrut {\norma
lfont \footnotesize #1}\\{\normalfont \footnotesize \scshape #2}\par \addvspace
 {0.5\baselineskip }\egroup \@IEEEtablecaptionsepspace \else \@IEEEfigurecaptio
nsepspace \setbox \@tempboxa \hbox {\normalfont \footnotesize {#1.}\nobreakspac
e \nobreakspace #2}\ifdim \wd \@tempboxa >\hsize \setbox \@tempboxa \hbox {\nor
malfont \footnotesize {#1.}\nobreakspace \nobreakspace }\parbox [t]{\hsize }{\n
ormalfont \footnotesize \noindent \unhbox \@tempboxa #2}\else \ifCLASSOPTIONcon
ference \hbox to\hsize {\normalfont \footnotesize \hfil \box \@tempboxa \hfil }
\else \hbox to\hsize {\normalfont \footnotesize \box \@tempboxa \hfil }\fi \fi 
\fi  on input line 1176.
)
\c@KVtest=\count284
\sf@farskip=\skip58
\sf@captopadj=\dimen183
\sf@capskip=\skip59
\sf@nearskip=\skip60
\c@subfigure=\count285
\c@subfigure@save=\count286
\c@lofdepth=\count287
\c@subtable=\count288
\c@subtable@save=\count289
\c@lotdepth=\count290
\sf@top=\skip61
\sf@bottom=\skip62
)
(d:/APP/texlive/2023/texmf-dist/tex/latex/base/textcomp.sty
Package: textcomp 2020/02/02 v2.0n Standard LaTeX package
)
(d:/APP/texlive/2023/texmf-dist/tex/latex/sttools/stfloats.sty
Package: stfloats 2017/03/27 v3.3 Improve float mechanism and baselineskip sett
ings
\@dblbotnum=\count291
\c@dblbotnumber=\count292
)
(d:/APP/texlive/2023/texmf-dist/tex/latex/url/url.sty
\Urlmuskip=\muskip17
Package: url 2013/09/16  ver 3.4  Verb mode for urls, etc.
)
(d:/APP/texlive/2023/texmf-dist/tex/latex/tools/verbatim.sty
Package: verbatim 2022-07-02 v1.5u LaTeX2e package for verbatim enhancements
\every@verbatim=\toks27
\verbatim@line=\toks28
\verbatim@in@stream=\read2
)
(d:/APP/texlive/2023/texmf-dist/tex/latex/graphics/graphicx.sty
Package: graphicx 2021/09/16 v1.2d Enhanced LaTeX Graphics (DPC,SPQR)

(d:/APP/texlive/2023/texmf-dist/tex/latex/graphics/graphics.sty
Package: graphics 2022/03/10 v1.4e Standard LaTeX Graphics (DPC,SPQR)

(d:/APP/texlive/2023/texmf-dist/tex/latex/graphics/trig.sty
Package: trig 2021/08/11 v1.11 sin cos tan (DPC)
)
(d:/APP/texlive/2023/texmf-dist/tex/latex/graphics-cfg/graphics.cfg
File: graphics.cfg 2016/06/04 v1.11 sample graphics configuration
)
Package graphics Info: Driver file: pdftex.def on input line 107.

(d:/APP/texlive/2023/texmf-dist/tex/latex/graphics-def/pdftex.def
File: pdftex.def 2022/09/22 v1.2b Graphics/color driver for pdftex
))
\Gin@req@height=\dimen184
\Gin@req@width=\dimen185
)
(d:/APP/texlive/2023/texmf-dist/tex/latex/cite/cite.sty
LaTeX Info: Redefining \cite on input line 302.
LaTeX Info: Redefining \nocite on input line 332.
Package: cite 2015/02/27  v 5.5
)
(d:/APP/texlive/2023/texmf-dist/tex/latex/multirow/multirow.sty
Package: multirow 2021/03/15 v2.8 Span multiple rows of a table
\multirow@colwidth=\skip63
\multirow@cntb=\count293
\multirow@dima=\skip64
\bigstrutjot=\dimen186
)
(d:/APP/texlive/2023/texmf-dist/tex/latex/tools/longtable.sty
Package: longtable 2021-09-01 v4.17 Multi-page Table package (DPC)
\LTleft=\skip65
\LTright=\skip66
\LTpre=\skip67
\LTpost=\skip68
\LTchunksize=\count294
\LTcapwidth=\dimen187
\LT@head=\box59
\LT@firsthead=\box60
\LT@foot=\box61
\LT@lastfoot=\box62
\LT@gbox=\box63
\LT@cols=\count295
\LT@rows=\count296
\c@LT@tables=\count297
\c@LT@chunks=\count298
\LT@p@ftn=\toks29
)
(d:/APP/texlive/2023/texmf-dist/tex/latex/booktabs/booktabs.sty
Package: booktabs 2020/01/12 v1.61803398 Publication quality tables
\heavyrulewidth=\dimen188
\lightrulewidth=\dimen189
\cmidrulewidth=\dimen190
\belowrulesep=\dimen191
\belowbottomsep=\dimen192
\aboverulesep=\dimen193
\abovetopsep=\dimen194
\cmidrulesep=\dimen195
\cmidrulekern=\dimen196
\defaultaddspace=\dimen197
\@cmidla=\count299
\@cmidlb=\count300
\@aboverulesep=\dimen198
\@belowrulesep=\dimen199
\@thisruleclass=\count301
\@lastruleclass=\count302
\@thisrulewidth=\dimen256
)
(d:/APP/texlive/2023/texmf-dist/tex/latex/graphics/color.sty
Package: color 2022/01/06 v1.3d Standard LaTeX Color (DPC)

(d:/APP/texlive/2023/texmf-dist/tex/latex/graphics-cfg/color.cfg
File: color.cfg 2016/01/02 v1.6 sample color configuration
)
Package color Info: Driver file: pdftex.def on input line 149.

(d:/APP/texlive/2023/texmf-dist/tex/latex/graphics/mathcolor.ltx))
\c@thm=\count303
\c@assump=\count304
\c@rem=\count305

(d:/APP/texlive/2023/texmf-dist/tex/latex/l3backend/l3backend-pdftex.def
File: l3backend-pdftex.def 2023-01-16 L3 backend support: PDF output (pdfTeX)
\l__color_backend_stack_int=\count306
\l__pdf_internal_box=\box64
)

LaTeX Warning: Unused global option(s):
    [lettersize].

(./manuscript.aux)
\openout1 = `manuscript.aux'.

LaTeX Font Info:    Checking defaults for OML/cmm/m/it on input line 32.
LaTeX Font Info:    ... okay on input line 32.
LaTeX Font Info:    Checking defaults for OMS/cmsy/m/n on input line 32.
LaTeX Font Info:    ... okay on input line 32.
LaTeX Font Info:    Checking defaults for OT1/cmr/m/n on input line 32.
LaTeX Font Info:    ... okay on input line 32.
LaTeX Font Info:    Checking defaults for T1/cmr/m/n on input line 32.
LaTeX Font Info:    ... okay on input line 32.
LaTeX Font Info:    Checking defaults for TS1/cmr/m/n on input line 32.
LaTeX Font Info:    ... okay on input line 32.
LaTeX Font Info:    Checking defaults for OMX/cmex/m/n on input line 32.
LaTeX Font Info:    ... okay on input line 32.
LaTeX Font Info:    Checking defaults for U/cmr/m/n on input line 32.
LaTeX Font Info:    ... okay on input line 32.

-- Lines per column: 58 (exact).
Package caption Info: Begin \AtBeginDocument code.
Package caption Info: subfig package v1.3 is loaded.
Package caption Info: End \AtBeginDocument code.
(d:/APP/texlive/2023/texmf-dist/tex/context/base/mkii/supp-pdf.mkii
[Loading MPS to PDF converter (version 2006.09.02).]
\scratchcounter=\count307
\scratchdimen=\dimen257
\scratchbox=\box65
\nofMPsegments=\count308
\nofMParguments=\count309
\everyMPshowfont=\toks30
\MPscratchCnt=\count310
\MPscratchDim=\dimen258
\MPnumerator=\count311
\makeMPintoPDFobject=\count312
\everyMPtoPDFconversion=\toks31
) (d:/APP/texlive/2023/texmf-dist/tex/latex/epstopdf-pkg/epstopdf-base.sty
Package: epstopdf-base 2020-01-24 v2.11 Base part for package epstopdf
Package epstopdf-base Info: Redefining graphics rule for `.eps' on input line 4
85.

(d:/APP/texlive/2023/texmf-dist/tex/latex/latexconfig/epstopdf-sys.cfg
File: epstopdf-sys.cfg 2010/07/13 v1.3 Configuration of (r)epstopdf for TeX Liv
e
))
LaTeX Font Info:    Calculating math sizes for size <11> on input line 53.
LaTeX Font Info:    Trying to load font information for U+msa on input line 53.


(d:/APP/texlive/2023/texmf-dist/tex/latex/amsfonts/umsa.fd
File: umsa.fd 2013/01/14 v3.01 AMS symbols A
)
LaTeX Font Info:    Trying to load font information for U+msb on input line 53.


(d:/APP/texlive/2023/texmf-dist/tex/latex/amsfonts/umsb.fd
File: umsb.fd 2013/01/14 v3.01 AMS symbols B
)
Underfull \hbox (badness 3168) in paragraph at lines 55--60
[]\OT1/ptm/b/it/9 Abstract\OT1/ptm/b/n/9 ---Metabolites are es-sen-tial prod-uc
ts of cel-lu-lar
 []

[1{d:/APP/texlive/2023/texmf-var/fonts/map/pdftex/updmap/pdftex.map}{d:/APP/tex
live/2023/texmf-dist/fonts/enc/dvips/base/8r.enc}


]
Underfull \hbox (badness 5161) in paragraph at lines 81--88
[]\OT1/ptm/m/n/10 Inspired by the afore-men-tioned is-sues, we pro-pose
 []

[2]
Underfull \hbox (badness 10000) in paragraph at lines 126--128

 []


Overfull \hbox (3.04453pt too wide) detected at line 136
[]\OML/cmm/m/it/10 D[]\OT1/cmr/m/n/10 (\OML/cmm/m/it/10 t\OT1/cmr/m/n/10 ) = []

 []



pdfTeX warning: pdflatex.exe (file ./flow_chart_05.3.pdf): PDF inclusion: found
 PDF version <1.7>, but at most version <1.5> allowed
<flow_chart_05.3.pdf, id=15, 880.73041pt x 718.84557pt>
File: flow_chart_05.3.pdf Graphic file (type pdf)
<use flow_chart_05.3.pdf>
Package pdftex.def Info: flow_chart_05.3.pdf  used on input line 170.
(pdftex.def)             Requested size: 512.1496pt x 418.02759pt.
[3]

LaTeX Font Warning: Command \small invalid in math mode on input line 191.


Overfull \hbox (2.85452pt too wide) detected at line 196
[][]\OT1/cmr/m/n/9 (\OML/cmm/m/it/9 m[]; m[]\OT1/cmr/m/n/9 ) = []
 []

LaTeX Font Info:    Calculating math sizes for size <> on input line 196.

LaTeX Font Warning: Font shape `OT1/cmr/m/n' in size <> not available
(Font)              size <5> substituted on input line 196.


LaTeX Font Warning: Font shape `OT1/cmr/m/n' in size <0.7> not available
(Font)              size <5> substituted on input line 196.


LaTeX Font Warning: Font shape `OT1/cmr/m/n' in size <0.5> not available
(Font)              size <5> substituted on input line 196.


LaTeX Font Warning: Font shape `OML/cmm/m/it' in size <> not available
(Font)              size <5> substituted on input line 196.


LaTeX Font Warning: Font shape `OML/cmm/m/it' in size <0.7> not available
(Font)              size <5> substituted on input line 196.


LaTeX Font Warning: Font shape `OML/cmm/m/it' in size <0.5> not available
(Font)              size <5> substituted on input line 196.


LaTeX Font Warning: Font shape `OMS/cmsy/m/n' in size <> not available
(Font)              size <5> substituted on input line 196.


LaTeX Font Warning: Font shape `OMS/cmsy/m/n' in size <0.7> not available
(Font)              size <5> substituted on input line 196.


LaTeX Font Warning: Font shape `OMS/cmsy/m/n' in size <0.5> not available
(Font)              size <5> substituted on input line 196.

[4 <./flow_chart_05.3.pdf>]

pdfTeX warning: pdflatex.exe (file ./ADMM_flow_02.pdf): PDF inclusion: found PD
F version <1.7>, but at most version <1.5> allowed
<ADMM_flow_02.pdf, id=889, 550.93831pt x 346.4142pt>
File: ADMM_flow_02.pdf Graphic file (type pdf)
<use ADMM_flow_02.pdf>
Package pdftex.def Info: ADMM_flow_02.pdf  used on input line 207.
(pdftex.def)             Requested size: 241.84842pt x 152.06856pt.
[5 <./ADMM_flow_02.pdf>] [6]
<GCN_layer.pdf, id=1082, 648.25941pt x 482.78494pt>
File: GCN_layer.pdf Graphic file (type pdf)
<use GCN_layer.pdf>
Package pdftex.def Info: GCN_layer.pdf  used on input line 367.
(pdftex.def)             Requested size: 231.26378pt x 172.23334pt.
LaTeX Font Info:    Trying to load font information for OT1+phv on input line 3
67.

(d:/APP/texlive/2023/texmf-dist/tex/latex/psnfss/ot1phv.fd
File: ot1phv.fd 2020/03/25 scalable font definitions for OT1/phv.
)
<out_dim.pdf, id=1083, 659.7555pt x 489.64651pt>
File: out_dim.pdf Graphic file (type pdf)
<use out_dim.pdf>
Package pdftex.def Info: out_dim.pdf  used on input line 370.
(pdftex.def)             Requested size: 231.26378pt x 171.63287pt.
<dropout.pdf, id=1084, 648.25941pt x 482.78494pt>
File: dropout.pdf Graphic file (type pdf)
<use dropout.pdf>
Package pdftex.def Info: dropout.pdf  used on input line 373.
(pdftex.def)             Requested size: 231.26378pt x 172.23334pt.
<learning_rate.pdf, id=1085, 631.63052pt x 482.78494pt>
File: learning_rate.pdf Graphic file (type pdf)
<use learning_rate.pdf>
Package pdftex.def Info: learning_rate.pdf  used on input line 376.
(pdftex.def)             Requested size: 231.26378pt x 176.76385pt.
LaTeX Font Info:    Trying to load font information for OMS+ptm on input line 4
00.

(d:/APP/texlive/2023/texmf-dist/tex/latex/psnfss/omsptm.fd
File: omsptm.fd 
)
LaTeX Font Info:    Font shape `OMS/ptm/m/n' in size <10> not available
(Font)              Font shape `OMS/cmsy/m/n' tried instead on input line 400.
 [7]
<test_auc.pdf, id=1091, 409.62848pt x 327.20317pt>
File: test_auc.pdf Graphic file (type pdf)
<use test_auc.pdf>
Package pdftex.def Info: test_auc.pdf  used on input line 469.
(pdftex.def)             Requested size: 231.26378pt x 184.72534pt.
<test_prc.pdf, id=1092, 409.62848pt x 327.20317pt>
File: test_prc.pdf Graphic file (type pdf)
<use test_prc.pdf>
Package pdftex.def Info: test_prc.pdf  used on input line 472.
(pdftex.def)             Requested size: 231.26378pt x 184.72534pt.
<Ablatioin_AUC.pdf, id=1093, 385.9858pt x 313.23901pt>
File: Ablatioin_AUC.pdf Graphic file (type pdf)
<use Ablatioin_AUC.pdf>
Package pdftex.def Info: Ablatioin_AUC.pdf  used on input line 489.
(pdftex.def)             Requested size: 231.26378pt x 187.67719pt.
<Ablatioin_AUPR.pdf, id=1094, 385.9858pt x 313.23901pt>
File: Ablatioin_AUPR.pdf Graphic file (type pdf)
<use Ablatioin_AUPR.pdf>
Package pdftex.def Info: Ablatioin_AUPR.pdf  used on input line 492.
(pdftex.def)             Requested size: 231.26378pt x 187.67719pt.
 [8 <./GCN_layer.pdf> <./out_dim.pdf> <./dropout.pdf> <./learning_rate.pdf>]
Underfull \vbox (badness 10000) has occurred while \output is active []



LaTeX Warning: No positions in optional float specifier.
               Default added (so using `tbp') on input line 518.

<comparison_perf.pdf, id=1250, 608.06236pt x 352.43356pt>
File: comparison_perf.pdf Graphic file (type pdf)
<use comparison_perf.pdf>
Package pdftex.def Info: comparison_perf.pdf  used on input line 521.
(pdftex.def)             Requested size: 398.33858pt x 230.886pt.

LaTeX Warning: No positions in optional float specifier.
               Default added (so using `tbp') on input line 527.

<Comparative_experiment_ROC_1.pdf, id=1251, 333.17598pt x 325.1115pt>
File: Comparative_experiment_ROC_1.pdf Graphic file (type pdf)
<use Comparative_experiment_ROC_1.pdf>
Package pdftex.def Info: Comparative_experiment_ROC_1.pdf  used on input line 5
31.
(pdftex.def)             Requested size: 231.26378pt x 225.66658pt.
<Comparative_experiment_PR_1.pdf, id=1252, 333.17598pt x 325.1115pt>
File: Comparative_experiment_PR_1.pdf Graphic file (type pdf)
<use Comparative_experiment_PR_1.pdf>
Package pdftex.def Info: Comparative_experiment_PR_1.pdf  used on input line 53
4.
(pdftex.def)             Requested size: 231.26378pt x 225.66658pt.
[9 <./test_auc.pdf> <./test_prc.pdf> <./ablatioin_AUC.pdf> <./ablatioin_AUPR.pd
f>]
Underfull \vbox (badness 10000) has occurred while \output is active []


Underfull \vbox (badness 1565) has occurred while \output is active []

 [10 <./comparison_perf.pdf> <./Comparative_experiment_ROC_1.pdf> <./Comparativ
e_experiment_PR_1.pdf>]

LaTeX Warning: `h' float specifier changed to `ht'.


Underfull \hbox (badness 3168) in paragraph at lines 635--636
[]\OT1/ptm/m/n/10 A web server that im-ple-ments ICDNSGA is freely
 []


Underfull \vbox (badness 10000) has occurred while \output is active []

 [11]
(./manuscript.bbl [12]
LaTeX Font Info:    Trying to load font information for TS1+ptm on input line 1
70.

(d:/APP/texlive/2023/texmf-dist/tex/latex/psnfss/ts1ptm.fd
File: ts1ptm.fd 2001/06/04 font definitions for TS1/ptm.
)) [13]
(./manuscript.aux)

LaTeX Font Warning: Size substitutions with differences
(Font)              up to 4.5pt have occurred.

 ) 
Here is how much of TeX's memory you used:
 5370 strings out of 476025
 93914 string characters out of 5792019
 1878382 words of memory out of 5000000
 25708 multiletter control sequences out of 15000+600000
 568046 words of font info for 148 fonts, out of 8000000 for 9000
 1145 hyphenation exceptions out of 8191
 57i,17n,63p,1596b,506s stack positions out of 10000i,1000n,20000p,200000b,200000s
<d:/APP/texlive/2023/texmf-dist/fonts/type1/public/amsfonts/cm/cmbx10.pfb><d:
/APP/texlive/2023/texmf-dist/fonts/type1/public/amsfonts/cm/cmex10.pfb><d:/APP/
texlive/2023/texmf-dist/fonts/type1/public/amsfonts/cmextra/cmex9.pfb><d:/APP/t
exlive/2023/texmf-dist/fonts/type1/public/amsfonts/cm/cmmi10.pfb><d:/APP/texliv
e/2023/texmf-dist/fonts/type1/public/amsfonts/cm/cmmi5.pfb><d:/APP/texlive/2023
/texmf-dist/fonts/type1/public/amsfonts/cm/cmmi6.pfb><d:/APP/texlive/2023/texmf
-dist/fonts/type1/public/amsfonts/cm/cmmi7.pfb><d:/APP/texlive/2023/texmf-dist/
fonts/type1/public/amsfonts/cm/cmmi8.pfb><d:/APP/texlive/2023/texmf-dist/fonts/
type1/public/amsfonts/cm/cmmi9.pfb><d:/APP/texlive/2023/texmf-dist/fonts/type1/
public/amsfonts/cm/cmr10.pfb><d:/APP/texlive/2023/texmf-dist/fonts/type1/public
/amsfonts/cm/cmr5.pfb><d:/APP/texlive/2023/texmf-dist/fonts/type1/public/amsfon
ts/cm/cmr6.pfb><d:/APP/texlive/2023/texmf-dist/fonts/type1/public/amsfonts/cm/c
mr7.pfb><d:/APP/texlive/2023/texmf-dist/fonts/type1/public/amsfonts/cm/cmr9.pfb
><d:/APP/texlive/2023/texmf-dist/fonts/type1/public/amsfonts/cm/cmsy10.pfb><d:/
APP/texlive/2023/texmf-dist/fonts/type1/public/amsfonts/cm/cmsy7.pfb><d:/APP/te
xlive/2023/texmf-dist/fonts/type1/public/amsfonts/cm/cmsy8.pfb><d:/APP/texlive/
2023/texmf-dist/fonts/type1/public/amsfonts/symbols/msbm10.pfb><d:/APP/texlive/
2023/texmf-dist/fonts/type1/urw/helvetic/uhvr8a.pfb><d:/APP/texlive/2023/texmf-
dist/fonts/type1/urw/times/utmb8a.pfb><d:/APP/texlive/2023/texmf-dist/fonts/typ
e1/urw/times/utmbi8a.pfb><d:/APP/texlive/2023/texmf-dist/fonts/type1/urw/times/
utmr8a.pfb><d:/APP/texlive/2023/texmf-dist/fonts/type1/urw/times/utmri8a.pfb>
Output written on manuscript.pdf (13 pages, 1024747 bytes).
PDF statistics:
 1670 PDF objects out of 1728 (max. 8388607)
 512 compressed objects within 6 object streams
 0 named destinations out of 1000 (max. 500000)
 66 words of extra memory for PDF output out of 10000 (max. 10000000)

